⚙️  Generating plists...
⚙️  Generating project...
⚙️  Writing project...
Created project at /Users/ayang/Documents/PersonalProject/2026/MacTools/MacTools.xcodeproj
--- xcodebuild: WARNING: Using the first of multiple matching destinations:
{ platform:macOS, arch:arm64, id:00006000-001A50A12E62801E, name:My Mac }
{ platform:macOS, arch:x86_64, id:00006000-001A50A12E62801E, name:My Mac }
{ platform:macOS, name:Any Mac }
